#
# There is insufficient memory for the Java Runtime Environment to continue.
# Native memory allocation (mmap) failed to map 264241152 bytes. Error detail: G1 virtual space
# Possible reasons:
#   The system is out of physical RAM or swap space
#   This process is running with CompressedOops enabled, and the Java Heap may be blocking the growth of the native heap
# Possible solutions:
#   Reduce memory load on the system
#   Increase physical memory or swap space
#   Check if swap backing store is full
#   Decrease Java heap size (-Xmx/-Xms)
#   Decrease number of Java threads
#   Decrease Java thread stack sizes (-Xss)
#   Set larger code cache with -XX:ReservedCodeCacheSize=
#   JVM is running with Zero Based Compressed Oops mode in which the Java heap is
#     placed in the first 32GB address space. The Java Heap base address is the
#     maximum limit for the native heap growth. Please use -XX:HeapBaseMinAddress
#     to set the Java Heap base and to place the Java Heap above 32GB virtual address.
# This output file may be truncated or incomplete.
#
#  Out of Memory Error (os_windows.cpp:3925), pid=14952, tid=13036
#
# JRE version:  (21.0.8+1) (build )
# Java VM: OpenJDK 64-Bit Server VM (21.0.8+1-b1038.72, mixed mode, sharing, tiered, compressed oops, compressed class ptrs, g1 gc, windows-amd64)
# No core dump will be written. Minidumps are not enabled by default on client versions of Windows
#

---------------  S U M M A R Y ------------

Command Line: -Djava.io.tmpdir=C:\Users\sudhir.yadav\AppData\Local\JetBrains\WebStorm2025.2\tmp\statistics-uploader com.intellij.internal.statistic.uploader.EventLogUploader --ide-token C:\Users\sudhir.yadav\AppData\Local\JetBrains\WebStorm2025.2\token --recorders FUS;MP;ML --device-fus 03042515d62e221-0a95-4008-a38b-c6e7a759816f --bucket-fus 255 --machine-fus 326e2f2ed51edf31a769a32fd112d536f1df7f9638ef69005ef0513f21c7b62d --id-revision-fus 0 --files-fus C:\Users\sudhir.yadav\AppData\Local\JetBrains\WebStorm2025.2\event-log-data\logs\FUS\7882-4f8f-a7b2-d520f3a3126d-252.26830.93-release.log --escape-fus false --device-mp 2208251f01f62dc-29c4-4063-b056-797b4ff65413 --bucket-mp 254 --machine-mp 8721ae88cb83591590ca697d7dbef972e676620ffaa5fee45f5073183ba70d09 --id-revision-mp 0 --files-mp  --escape-mp false --device-ml 03042515d62e221-0a95-4008-a38b-c6e7a759816f --bucket-ml 255 --machine-ml 326e2f2ed51edf31a769a32fd112d536f1df7f9638ef69005ef0513f21c7b62d --id-revision-ml 0 --files-ml  --escape-ml false --regional-code not_set --product WS --product-version 2025.2.3 --baseline-version 252 --user-agent WebStorm/252.26830.93 --extra-headers 

Host: 12th Gen Intel(R) Core(TM) i5-1245U, 12 cores, 15G,  Windows 11 , 64 bit Build 26100 (10.0.26100.7019)
Time: Wed Nov 26 14:59:19 2025 India Standard Time elapsed time: 0.114747 seconds (0d 0h 0m 0s)

---------------  T H R E A D  ---------------

Current thread (0x0000027493bdf570):  JavaThread "Unknown thread" [_thread_in_vm, id=13036, stack(0x0000008d6d800000,0x0000008d6d900000) (1024K)]

Stack: [0x0000008d6d800000,0x0000008d6d900000]
Native frames: (J=compiled Java code, j=interpreted, Vv=VM code, C=native code)
V  [jvm.dll+0x6ebeb9]
V  [jvm.dll+0x8cbec3]
V  [jvm.dll+0x8ce47e]
V  [jvm.dll+0x8ceb63]
V  [jvm.dll+0x28adf6]
V  [jvm.dll+0x6e8695]
V  [jvm.dll+0x6dbeea]
V  [jvm.dll+0x36689b]
V  [jvm.dll+0x36e466]
V  [jvm.dll+0x3c08c6]
V  [jvm.dll+0x3c0b98]
V  [jvm.dll+0x3390cc]
V  [jvm.dll+0x339dbb]
V  [jvm.dll+0x893349]
V  [jvm.dll+0x3cda98]
V  [jvm.dll+0x87c368]
V  [jvm.dll+0x46283e]
V  [jvm.dll+0x464521]
C  [jli.dll+0x52ab]
C  [ucrtbase.dll+0x37b0]
C  [KERNEL32.DLL+0x2e8d7]
C  [ntdll.dll+0x8c53c]


---------------  P R O C E S S  ---------------

Threads class SMR info:
_java_thread_list=0x00007ffcc4a832c8, length=0, elements={
}

Java Threads: ( => current thread )
Total: 0

Other Threads:
  0x0000027493c446f0 WorkerThread "GC Thread#0"                     [id=28040, stack(0x0000008d6d900000,0x0000008d6da00000) (1024K)]
  0x0000027493c550f0 ConcurrentGCThread "G1 Main Marker"            [id=27560, stack(0x0000008d6da00000,0x0000008d6db00000) (1024K)]
  0x0000027493c55b00 WorkerThread "G1 Conc#0"                       [id=22532, stack(0x0000008d6db00000,0x0000008d6dc00000) (1024K)]

[error occurred during error reporting (printing all threads), id 0xc0000005, EXCEPTION_ACCESS_VIOLATION (0xc0000005) at pc=0x00007ffcc416c0b7]
VM state: not at safepoint (not fully initialized)

VM Mutex/Monitor currently owned by a thread:  ([mutex/lock_event])
[0x00007ffcc4af7d58] Heap_lock - owner thread: 0x0000027493bdf570

Heap address: 0x0000000704e00000, size: 4018 MB, Compressed Oops mode: Zero based, Oop shift amount: 3

CDS archive(s) mapped at: [0x0000000000000000-0x0000000000000000-0x0000000000000000), size 0, SharedBaseAddress: 0x0000000800000000, ArchiveRelocationMode: 1.
Narrow klass base: 0x0000000000000000, Narrow klass shift: 0, Narrow klass range: 0x0

GC Precious Log:
 CardTable entry size: 512
 Card Set container configuration: InlinePtr #cards 4 size 8 Array Of Cards #cards 16 size 48 Howl #buckets 8 coarsen threshold 3686 Howl Bitmap #cards 512 size 80 coarsen threshold 460 Card regions per heap region 1 cards per card region 4096

Heap:
 garbage-first heap   total 0K, used 0K [0x0000000704e00000, 0x0000000800000000)
  region size 2048K, 0 young (0K), 0 survivors (0K)
 Metaspace       used 0K, committed 0K, reserved 0K
  class space    used 0K, committed 0K, reserved 0K

Heap Regions: E=young(eden), S=young(survivor), O=old, HS=humongous(starts), HC=humongous(continues), CS=collection set, F=free, TAMS=top-at-mark-start, PB=parsable bottom

Card table byte_map: [0x00000274a7970000,0x00000274a8150000] _byte_map_base: 0x00000274a4149000

Marking Bits: (CMBitMap*) 0x0000027493c44d00
 Bits: [0x00000274a8150000, 0x00000274ac018000)

GC Heap History (0 events):
No events

Dll operation events (1 events):
Event: 0.093 Loaded shared library C:\Program Files\JetBrains\WebStorm 2025.2\jbr\bin\java.dll

Deoptimization events (0 events):
No events

Classes loaded (0 events):
No events

Classes unloaded (0 events):
No events

Classes redefined (0 events):
No events

Internal exceptions (0 events):
No events

ZGC Phase Switch (0 events):
No events

VM Operations (0 events):
No events

Memory protections (0 events):
No events

Nmethod flushes (0 events):
No events

Events (0 events):
No events


Dynamic libraries:
0x00007ff632500000 - 0x00007ff63250a000 	C:\Program Files\JetBrains\WebStorm 2025.2\jbr\bin\java.exe
0x00007ffdb2840000 - 0x00007ffdb2aa8000 	C:\Windows\SYSTEM32\ntdll.dll
0x00007ffdb1dd0000 - 0x00007ffdb1e99000 	C:\Windows\System32\KERNEL32.DLL
0x00007ffdafcf0000 - 0x00007ffdb00e8000 	C:\Windows\System32\KERNELBASE.dll
0x00007ffdafba0000 - 0x00007ffdafceb000 	C:\Windows\System32\ucrtbase.dll
0x00007ffd59fb0000 - 0x00007ffd59fcb000 	C:\Program Files\JetBrains\WebStorm 2025.2\jbr\bin\VCRUNTIME140.dll
0x00007ffd90f60000 - 0x00007ffd90f78000 	C:\Program Files\JetBrains\WebStorm 2025.2\jbr\bin\jli.dll
0x00007ffdb22e0000 - 0x00007ffdb24a7000 	C:\Windows\System32\USER32.dll
0x00007ffdb0310000 - 0x00007ffdb0337000 	C:\Windows\System32\win32u.dll
0x00007ffd8f580000 - 0x00007ffd8f814000 	C:\Windows\WinSxS\amd64_microsoft.windows.common-controls_6595b64144ccf1df_6.0.26100.7019_none_3e06ffa0e335b8a8\COMCTL32.dll
0x00007ffdb0670000 - 0x00007ffdb069b000 	C:\Windows\System32\GDI32.dll
0x00007ffdb2720000 - 0x00007ffdb27c9000 	C:\Windows\System32\msvcrt.dll
0x00007ffdb0480000 - 0x00007ffdb05ac000 	C:\Windows\System32\gdi32full.dll
0x00007ffdb0340000 - 0x00007ffdb03e3000 	C:\Windows\System32\msvcp_win.dll
0x00007ffdb22a0000 - 0x00007ffdb22d1000 	C:\Windows\System32\IMM32.DLL
0x00007ffd7d230000 - 0x00007ffd7d23c000 	C:\Program Files\JetBrains\WebStorm 2025.2\jbr\bin\vcruntime140_1.dll
0x00007ffd6eb50000 - 0x00007ffd6ebdd000 	C:\Program Files\JetBrains\WebStorm 2025.2\jbr\bin\msvcp140.dll
0x00007ffcc3e20000 - 0x00007ffcc4beb000 	C:\Program Files\JetBrains\WebStorm 2025.2\jbr\bin\server\jvm.dll
0x00007ffdb05b0000 - 0x00007ffdb0664000 	C:\Windows\System32\ADVAPI32.dll
0x00007ffdb1160000 - 0x00007ffdb1206000 	C:\Windows\System32\sechost.dll
0x00007ffdb1970000 - 0x00007ffdb1a88000 	C:\Windows\System32\RPCRT4.dll
0x00007ffdb1ea0000 - 0x00007ffdb1f14000 	C:\Windows\System32\WS2_32.dll
0x00007ffdaf7c0000 - 0x00007ffdaf81e000 	C:\Windows\SYSTEM32\POWRPROF.dll
0x00007ffda44f0000 - 0x00007ffda4525000 	C:\Windows\SYSTEM32\WINMM.dll
0x00007ffd98df0000 - 0x00007ffd98dfb000 	C:\Windows\SYSTEM32\VERSION.dll
0x00007ffdaf7a0000 - 0x00007ffdaf7b4000 	C:\Windows\SYSTEM32\UMPDC.dll
0x00007ffdae6e0000 - 0x00007ffdae6fb000 	C:\Windows\SYSTEM32\kernel.appcore.dll
0x00007ffd7d1d0000 - 0x00007ffd7d1da000 	C:\Program Files\JetBrains\WebStorm 2025.2\jbr\bin\jimage.dll
0x00007ffdace50000 - 0x00007ffdad092000 	C:\Windows\SYSTEM32\DBGHELP.DLL
0x00007ffdb0940000 - 0x00007ffdb0ccb000 	C:\Windows\System32\combase.dll
0x00007ffdb1f30000 - 0x00007ffdb2007000 	C:\Windows\System32\OLEAUT32.dll
0x00007ffd90100000 - 0x00007ffd9013c000 	C:\Windows\SYSTEM32\dbgcore.DLL
0x00007ffdb00f0000 - 0x00007ffdb0195000 	C:\Windows\System32\bcryptPrimitives.dll
0x00007ffd59e20000 - 0x00007ffd59e40000 	C:\Program Files\JetBrains\WebStorm 2025.2\jbr\bin\java.dll

JVMTI agents: none

dbghelp: loaded successfully - version: 4.0.5 - missing functions: none
symbol engine: initialized successfully - sym options: 0x614 - pdb path: .;C:\Program Files\JetBrains\WebStorm 2025.2\jbr\bin;C:\Windows\SYSTEM32;C:\Windows\WinSxS\amd64_microsoft.windows.common-controls_6595b64144ccf1df_6.0.26100.7019_none_3e06ffa0e335b8a8;C:\Program Files\JetBrains\WebStorm 2025.2\jbr\bin\server

VM Arguments:
jvm_args: -Djava.io.tmpdir=C:\Users\sudhir.yadav\AppData\Local\JetBrains\WebStorm2025.2\tmp\statistics-uploader 
java_command: com.intellij.internal.statistic.uploader.EventLogUploader --ide-token C:\Users\sudhir.yadav\AppData\Local\JetBrains\WebStorm2025.2\token --recorders FUS;MP;ML --device-fus 03042515d62e221-0a95-4008-a38b-c6e7a759816f --bucket-fus 255 --machine-fus 326e2f2ed51edf31a769a32fd112d536f1df7f9638ef69005ef0513f21c7b62d --id-revision-fus 0 --files-fus C:\Users\sudhir.yadav\AppData\Local\JetBrains\WebStorm2025.2\event-log-data\logs\FUS\7882-4f8f-a7b2-d520f3a3126d-252.26830.93-release.log --escape-fus false --device-mp 2208251f01f62dc-29c4-4063-b056-797b4ff65413 --bucket-mp 254 --machine-mp 8721ae88cb83591590ca697d7dbef972e676620ffaa5fee45f5073183ba70d09 --id-revision-mp 0 --files-mp  --escape-mp false --device-ml 03042515d62e221-0a95-4008-a38b-c6e7a759816f --bucket-ml 255 --machine-ml 326e2f2ed51edf31a769a32fd112d536f1df7f9638ef69005ef0513f21c7b62d --id-revision-ml 0 --files-ml  --escape-ml false --regional-code not_set --product WS --product-version 2025.2.3 --baseline-version 252 --user-agent WebStorm/252.26830.93 --extra-headers 
java_class_path (initial): C:\Program Files\JetBrains\WebStorm 2025.2\lib\util-8.jar;C:\Program Files\JetBrains\WebStorm 2025.2\lib\annotations.jar;C:\Program Files\JetBrains\WebStorm 2025.2\lib\lib-client.jar;C:\Program Files\JetBrains\WebStorm 2025.2\lib\stats.jar
Launcher Type: SUN_STANDARD

[Global flags]
     intx CICompilerCount                          = 4                                         {product} {ergonomic}
     uint ConcGCThreads                            = 3                                         {product} {ergonomic}
     uint G1ConcRefinementThreads                  = 10                                        {product} {ergonomic}
   size_t G1HeapRegionSize                         = 2097152                                   {product} {ergonomic}
    uintx GCDrainStackTargetSize                   = 64                                        {product} {ergonomic}
   size_t InitialHeapSize                          = 264241152                                 {product} {ergonomic}
   size_t MarkStackSize                            = 4194304                                   {product} {ergonomic}
   size_t MaxHeapSize                              = 4213178368                                {product} {ergonomic}
   size_t MinHeapDeltaBytes                        = 2097152                                   {product} {ergonomic}
   size_t MinHeapSize                              = 8388608                                   {product} {ergonomic}
    uintx NonNMethodCodeHeapSize                   = 5839372                                {pd product} {ergonomic}
    uintx NonProfiledCodeHeapSize                  = 122909434                              {pd product} {ergonomic}
    uintx ProfiledCodeHeapSize                     = 122909434                              {pd product} {ergonomic}
    uintx ReservedCodeCacheSize                    = 251658240                              {pd product} {ergonomic}
     bool SegmentedCodeCache                       = true                                      {product} {ergonomic}
   size_t SoftMaxHeapSize                          = 4213178368                             {manageable} {ergonomic}
     bool UseCompressedOops                        = true                           {product lp64_product} {ergonomic}
     bool UseG1GC                                  = true                                      {product} {ergonomic}
     bool UseLargePagesIndividualAllocation        = false                                  {pd product} {ergonomic}

Logging:
Log output configuration:
 #0: stdout all=warning uptime,level,tags foldmultilines=false
 #1: stderr all=off uptime,level,tags foldmultilines=false

Environment Variables:
JAVA_HOME=C:\Program Files\Java\jdk-17
PATH=C:\Program Files\Java\jdk-17\bin;C:\Program Files\Java\jdk-21\bin;C:\Program Files\Common Files\Oracle\Java\javapath;C:\Python313\Scripts\;C:\Python313\;C:\Windows\system32;C:\Windows;C:\Windows\System32\Wbem;C:\Windows\System32\WindowsPowerShell\v1.0\;C:\Windows\System32\OpenSSH\;C:\Program Files\dotnet\;C:\Program Files (x86)\Kaspersky Lab\KES.12.8.0\;C:\ProgramData\chocolatey\bin;C:\Program Files\Git\cmd;C:\Users\sudhir.yadav\AppData\Local\Android\Sdk\platform-tools;C:\Users\sudhir.yadav\AppData\Local\Android\Sdk\emulator;C:\Users\sudhir.yadav\AppData\Local\Android\Sdk\tools;C:\Users\sudhir.yadav\AppData\Local\Android\Sdk\tools\bin;C:\Program Files\nvm;C:\nvm4w\nodejs;C:\Program Files\Java\jdk-17\bin;C:\Program Files\nodejs\;C:\Program Files\Common Files\Oracle\Java\javapath;C:\Python313\Scripts\;C:\Python313\;C:\Windows\system32;C:\Windows;C:\Windows\System32\Wbem;C:\Windows\System32\WindowsPowerShell\v1.0\;C:\Windows\System32\OpenSSH\;C:\Program Files\dotnet\;C:\Program Files (x86)\Kaspersky Lab\KES.12.8.0\;C:\ProgramData\chocolatey\bin;C:\Program Files\Git\cmd;C:\Users\sudhir.yadav\AppData\Local\Android\Sdk\platform-tools;C:\Users\sudhir.yadav\AppData\Local\Android\Sdk\emulator;C:\Users\sudhir.yadav\AppData\Local\Android\Sdk\tools;C:\Users\sudhir.yadav\AppData\Local\Android\Sdk\tools\bin;C:\Program Files\Cloudflare\Cloudflare WARP\;C:\Program Files\nvm;C:\nvm4w\nodejs;C:\Users\sudhir.yadav\AppData\Local\Microsoft\WindowsApps;C:\Users\sudhir.yadav\AppData\Local\Programs\Microsoft VS Code\bin;C:\Users\sudhir.yadav\AppData\Roaming\npm;C:\Program Files\JetBrains\IntelliJ IDEA Community Edition 2024.3.5\bin;C:\Users\sudhir.yadav\.bun\bin;D:\PyCharm Community Edition 2025.1\bin;C:\Program Files\nvm;
USERNAME=sudhir.yadav
OS=Windows_NT
PROCESSOR_IDENTIFIER=Intel64 Family 6 Model 154 Stepping 4, GenuineIntel
TMP=C:\Users\SUDHIR~1.YAD\AppData\Local\Temp
TEMP=C:\Users\SUDHIR~1.YAD\AppData\Local\Temp




Periodic native trim disabled

JNI global refs:
JNI global refs: 0, weak refs: 0

JNI global refs memory usage: 0, weak refs: 0

Process memory usage:
Resident Set Size: 13076K (0% of 16454352K total physical memory with 1188728K free physical memory)

OOME stack traces (most recent first):
Classloader memory used:

---------------  S Y S T E M  ---------------

OS:
 Windows 11 , 64 bit Build 26100 (10.0.26100.7019)
OS uptime: 7 days 4:17 hours
Hyper-V role detected

CPU: total 12 (initial active 12) (6 cores per cpu, 2 threads per core) family 6 model 154 stepping 4 microcode 0x437, cx8, cmov, fxsr, ht, mmx, 3dnowpref, sse, sse2, sse3, ssse3, sse4.1, sse4.2, popcnt, lzcnt, tsc, tscinvbit, avx, avx2, aes, erms, clmul, bmi1, bmi2, adx, sha, fma, vzeroupper, clflush, clflushopt, clwb, hv, serialize, rdtscp, rdpid, fsrm, f16c, cet_ibt, cet_ss
Processor Information for processor 0
  Max Mhz: 1600, Current Mhz: 1600, Mhz Limit: 1600
Processor Information for processor 1
  Max Mhz: 1600, Current Mhz: 1600, Mhz Limit: 1600
Processor Information for processor 2
  Max Mhz: 1600, Current Mhz: 1600, Mhz Limit: 1600
Processor Information for processor 3
  Max Mhz: 1600, Current Mhz: 1600, Mhz Limit: 1600
Processor Information for processor 4
  Max Mhz: 1600, Current Mhz: 1600, Mhz Limit: 1600
Processor Information for processor 5
  Max Mhz: 1600, Current Mhz: 1600, Mhz Limit: 1600
Processor Information for processor 6
  Max Mhz: 1600, Current Mhz: 1600, Mhz Limit: 1600
Processor Information for processor 7
  Max Mhz: 1600, Current Mhz: 1466, Mhz Limit: 1600
Processor Information for processor 8
  Max Mhz: 1600, Current Mhz: 1600, Mhz Limit: 1600
Processor Information for processor 9
  Max Mhz: 1600, Current Mhz: 1466, Mhz Limit: 1600
Processor Information for processor 10
  Max Mhz: 1600, Current Mhz: 1466, Mhz Limit: 1600
Processor Information for processor 11
  Max Mhz: 1600, Current Mhz: 1600, Mhz Limit: 1600

Memory: 4k page, system-wide physical 16068M (1158M free)
TotalPageFile size 34244M (AvailPageFile size 120M)
current process WorkingSet (physical memory assigned to process): 12M, peak: 12M
current process commit charge ("private bytes"): 64M, peak: 316M

vm_info: OpenJDK 64-Bit Server VM (21.0.8+1-b1038.72) for windows-amd64 JRE (21.0.8+1-b1038.72), built on 2025-09-08 by "builduser" with MS VC++ 16.10 / 16.11 (VS2019)

END.
